[2026-04-10T21:53:21.276Z] [DEBUG] [WorkspaceTasksService] Loaded built-in defaults in 5ms.
[2026-04-10T21:53:25.110Z] [DEBUG] [WorkspaceTasksService] Found 1 .workspace-tasks.json file(s) in 3834ms.
[2026-04-10T21:53:25.117Z] [DEBUG] [WorkspaceTasksService] Loaded /workspace/sample/sample-workspace-tasks/.workspace-tasks.json in 7ms.
[2026-04-10T21:53:25.117Z] [INFO] [WorkspaceTasksService] loadWorkspaceConfig() completed in 3849ms (17 provider(s) loaded).
[2026-04-10T21:53:25.118Z] [DEBUG] [CompoundTaskService] Loading compound tasks from workspaceState.
[2026-04-10T21:53:25.118Z] [DEBUG] [CompoundTaskService] Found 1 compound task(s) in storage: [Compound Task]
[2026-04-10T21:53:25.118Z] [DEBUG] [CompoundTaskService] Loading compound task 'Compound Task': 5 item(s), executionType='sequential'.
[2026-04-10T21:53:25.118Z] [DEBUG] [CompoundTaskService]   Item[0]: id='sample-workspace-tasks:nodejs/package.json:hello', label='hello', taskType='npm', resourceUri='file:///workspace/sample/sample-workspace-tasks/nodejs/package.json'
[2026-04-10T21:53:25.118Z] [DEBUG] [CompoundTaskService]   Item[1]: id='sample-workspace-tasks:cmake/CMakeLists.txt:sample-hello', label='sample-hello', taskType='cmake', resourceUri='file:///workspace/sample/sample-workspace-tasks/cmake/CMakeLists.txt'
[2026-04-10T21:53:25.118Z] [DEBUG] [CompoundTaskService]   Item[2]: id='sample-workspace-tasks:powershell/hello.ps1:hello.ps1', label='hello.ps1', taskType='shell', resourceUri='file:///workspace/sample/sample-workspace-tasks/powershell/hello.ps1'
[2026-04-10T21:53:25.118Z] [DEBUG] [CompoundTaskService]   Item[3]: id='sample-workspace-tasks:makefile/Makefile:hello', label='hello', taskType='makefile', resourceUri='file:///workspace/sample/sample-workspace-tasks/makefile/Makefile'
[2026-04-10T21:53:25.118Z] [DEBUG] [CompoundTaskService]   Item[4]: id='sample-workspace-tasks:.vscode/tasks.json:TEST: RUN ALL SEQUENTIAL', label='TEST: RUN ALL SEQUENTIAL', taskType='vscode', resourceUri='file:///workspace/sample/sample-workspace-tasks/.vscode/tasks.json'
[2026-04-10T21:53:25.120Z] [DEBUG] bunTaskProvider initialized
[2026-04-10T21:53:25.120Z] [DEBUG] BunTaskProvider initialized
[2026-04-10T21:53:25.121Z] [DEBUG] npmTaskProvider initialized
[2026-04-10T21:53:25.121Z] [DEBUG] pnpmTaskProvider initialized
[2026-04-10T21:53:25.121Z] [DEBUG] yarnTaskProvider initialized
[2026-04-10T21:53:25.125Z] [DEBUG] [ShellTaskProvider] Starting shell task discovery
[2026-04-10T21:53:25.126Z] [DEBUG] [ShellTaskProvider] Processing shell type: bash (extensions: sh, bash)
[2026-04-10T21:53:25.126Z] [DEBUG] [ShellTaskProvider] Processing shell type: zsh (extensions: zsh)
[2026-04-10T21:53:25.126Z] [DEBUG] [ShellTaskProvider] Processing shell type: fish (extensions: fish)
[2026-04-10T21:53:25.126Z] [DEBUG] [ShellTaskProvider] Processing shell type: pwsh (extensions: ps1)
[2026-04-10T21:53:25.126Z] [DEBUG] [ShellTaskProvider] Processing shell type: batch (extensions: bat, cmd)
[2026-04-10T21:53:25.127Z] [DEBUG] [ShellTaskProvider] Processing shell type: python (extensions: py)
[2026-04-10T21:53:25.127Z] [DEBUG] [ShellTaskProvider] Processing shell type: perl (extensions: pl)
[2026-04-10T21:53:25.127Z] [DEBUG] [ShellTaskProvider] Processing shell type: ruby (extensions: rb)
[2026-04-10T21:53:25.127Z] [DEBUG] [ShellTaskProvider] Processing shell type: sh (extensions: sh)
[2026-04-10T21:53:25.128Z] [DEBUG] [ShellTaskProvider] Processing shell type: nushell (extensions: nu)
[2026-04-10T21:53:25.136Z] [DEBUG] [WorkspaceTasksProvider] Found 16 provider(s) to process.
[2026-04-10T21:53:25.136Z] [DEBUG] Provider ruby (type: ruby) is disabled. Skipping.
[2026-04-10T21:53:25.137Z] [DEBUG] [WorkspaceTasksProvider] Provider "cargo": 5 task definition(s), 1 include glob(s).
[2026-04-10T21:53:30.455Z] [DEBUG] [NpmTaskProvider] Fetched 1 system tasks.
[2026-04-10T21:53:30.674Z] [DEBUG] [npmTaskProvider] Searching for task files with pattern: **/package.json
[2026-04-10T21:53:30.675Z] [DEBUG] [VscodeTaskProvider] Fetched 17 system tasks from VSCode.
[2026-04-10T21:53:30.675Z] [DEBUG] [VscodeTaskProvider] - Processing Task: VSCode: Hello, Source: Workspace
[2026-04-10T21:53:31.060Z] [DEBUG] [VscodeTaskProvider] - Processing Task: VSCode: Hello Again, Source: Workspace
[2026-04-10T21:53:31.187Z] [DEBUG] [VscodeTaskProvider] - Processing Task: VSCode: Long Running, Source: Workspace
[2026-04-10T21:53:31.326Z] [DEBUG] [VscodeTaskProvider] - Processing Task: VSCode: Failing Task, Source: Workspace
[2026-04-10T21:53:31.461Z] [DEBUG] [VscodeTaskProvider] - Processing Task: VSCode: Build, Source: Workspace
[2026-04-10T21:53:31.592Z] [DEBUG] [VscodeTaskProvider] - Processing Task: VSCode: Test, Source: Workspace
[2026-04-10T21:53:31.724Z] [DEBUG] [VscodeTaskProvider] - Processing Task: Run Shell Script, Source: Workspace
[2026-04-10T21:53:31.864Z] [DEBUG] [VscodeTaskProvider] - Processing Task: Run Python Script, Source: Workspace
[2026-04-10T21:53:31.993Z] [DEBUG] [VscodeTaskProvider] - Processing Task: wsl python hello, Source: Workspace
[2026-04-10T21:53:32.128Z] [DEBUG] [VscodeTaskProvider] - Processing Task: Run Make Hello, Source: Workspace
[2026-04-10T21:53:32.260Z] [DEBUG] [VscodeTaskProvider] - Processing Task: TEST: Step 1, Source: Workspace
[2026-04-10T21:53:32.389Z] [DEBUG] [VscodeTaskProvider] - Processing Task: TEST: Step 2, Source: Workspace
[2026-04-10T21:53:32.517Z] [DEBUG] [VscodeTaskProvider] - Processing Task: TEST: RUN ALL, Source: Workspace
[2026-04-10T21:53:32.644Z] [DEBUG] [VscodeTaskProvider] - Processing Task: TEST: RUN ALL SEQUENTIAL, Source: Workspace
[2026-04-10T21:53:32.786Z] [DEBUG] [VscodeTaskProvider] - Processing Task: TEST: STUCK, Source: Workspace
[2026-04-10T21:53:32.918Z] [DEBUG] [VscodeTaskProvider] - Processing Task: TEST: COMPOUND CANCEL SEQUENTIAL, Source: Workspace
[2026-04-10T21:53:33.046Z] [DEBUG] [VscodeTaskProvider] - Processing Task: Run Node.js Hello, Source: Workspace
[2026-04-10T21:53:39.938Z] [DEBUG] [ShellTaskProvider] Found 0 candidate file(s) for shell type: fish
[2026-04-10T21:53:39.938Z] [DEBUG] [ShellTaskProvider] Finished shell type: fish — 0 file(s) resolved in 14812ms
[2026-04-10T21:53:40.265Z] [DEBUG] [ShellTaskProvider] Found 0 candidate file(s) for shell type: ruby
[2026-04-10T21:53:40.266Z] [DEBUG] [ShellTaskProvider] Finished shell type: ruby — 0 file(s) resolved in 15139ms
[2026-04-10T21:53:40.268Z] [DEBUG] [ShellTaskProvider] Found 0 candidate file(s) for shell type: nushell
[2026-04-10T21:53:40.268Z] [DEBUG] [ShellTaskProvider] Finished shell type: nushell — 0 file(s) resolved in 15140ms
[2026-04-10T21:53:40.289Z] [DEBUG] [ShellTaskProvider] Found 12 candidate file(s) for shell type: sh
[2026-04-10T21:53:40.338Z] [DEBUG] [TaskIconService] cargo resolved using built-in type icon {"type":"cargo","iconUri":"$(cargo)","light":"/workspace/res/icons/light/cargo.svg","dark":"/workspace/res/icons/dark/cargo.svg"}
[2026-04-10T21:53:40.339Z] [DEBUG] [workspace-taskTaskProvider] Processing file: /workspace/sample/sample-workspace-tasks/cargo/Cargo.toml for provider: cargo
[2026-04-10T21:53:40.339Z] [DEBUG] [WorkspaceTasksProvider] Provider "cargo" loaded 1 file(s) in 15203ms.
[2026-04-10T21:53:40.339Z] [DEBUG] [ShellTaskProvider] Found 3 candidate file(s) for shell type: batch
[2026-04-10T21:53:40.339Z] [DEBUG] [ShellTaskProvider] Found 4 candidate file(s) for shell type: python
[2026-04-10T21:53:40.340Z] [DEBUG] [ShellTaskProvider] Found 6 candidate file(s) for shell type: pwsh
[2026-04-10T21:53:40.340Z] [DEBUG] [ShellTaskProvider] Found 2 candidate file(s) for shell type: zsh
[2026-04-10T21:53:40.340Z] [DEBUG] [WorkspaceTasksProvider] Provider "go": 8 task definition(s), 1 include glob(s).
[2026-04-10T21:53:40.346Z] [DEBUG] [ShellTaskProvider] Finished shell type: batch — 3 file(s) resolved in 15220ms
[2026-04-10T21:53:40.346Z] [DEBUG] [ShellTaskProvider] Finished shell type: pwsh — 6 file(s) resolved in 15220ms
[2026-04-10T21:53:40.346Z] [DEBUG] [ShellTaskProvider] shebang cache miss (read): /workspace/sample/sample-workspace-tasks/shell/with-shebang.sh
[2026-04-10T21:53:40.346Z] [DEBUG] [ShellTaskProvider] shebang cache miss (read): /workspace/sample/sample-workspace-tasks/shell/hello.sh
[2026-04-10T21:53:40.347Z] [DEBUG] [ShellTaskProvider] shebang cache miss (read): /workspace/sample/sample-workspace-tasks/shell/hello2.sh
[2026-04-10T21:53:40.347Z] [DEBUG] [ShellTaskProvider] shebang cache miss (read): /workspace/sample/sample-workspace-tasks/shell/failing.sh
[2026-04-10T21:53:40.347Z] [DEBUG] [ShellTaskProvider] shebang cache miss (read): /workspace/sample/sample-workspace-tasks/shell/stuck.sh
[2026-04-10T21:53:40.347Z] [DEBUG] [ShellTaskProvider] shebang cache miss (read): /workspace/sample/sample-workspace-tasks/shell/no-shebang.sh
[2026-04-10T21:53:40.347Z] [DEBUG] [ShellTaskProvider] shebang cache miss (read): /workspace/sample/sample-workspace-tasks/shell/long-running.sh
[2026-04-10T21:53:40.347Z] [DEBUG] [ShellTaskProvider] shebang cache miss (read): /workspace/sample/sample-workspace-tasks/apps/appC/script1.sh
[2026-04-10T21:53:40.347Z] [DEBUG] [ShellTaskProvider] shebang cache miss (read): /workspace/sample/sample-workspace-tasks/.devcontainer/install-tools.sh
[2026-04-10T21:53:40.347Z] [DEBUG] [ShellTaskProvider] shebang cache miss (read): /workspace/sample/sample-workspace-tasks/apps/appB/script1.sh
[2026-04-10T21:53:40.348Z] [DEBUG] [ShellTaskProvider] shebang cache miss (read): /workspace/sample/sample-workspace-tasks/apps/appA/script1.sh
[2026-04-10T21:53:40.351Z] [DEBUG] [ShellTaskProvider] shebang cache miss (read): /workspace/sample/sample-workspace-tasks/shell/no-shebang.py
[2026-04-10T21:53:40.351Z] [DEBUG] [ShellTaskProvider] shebang cache miss (read): /workspace/sample/sample-workspace-tasks/python/tasks.py
[2026-04-10T21:53:40.352Z] [DEBUG] [ShellTaskProvider] shebang cache miss (read): /workspace/sample/sample-workspace-tasks/python/no-shebang.py
[2026-04-10T21:53:40.354Z] [DEBUG] [ShellTaskProvider] shebang cache miss (read): /workspace/sample/sample-workspace-tasks/shell/with-shebang.py
[2026-04-10T21:53:40.356Z] [DEBUG] [ShellTaskProvider] shebang cache miss (read): /workspace/sample/sample-workspace-tasks/.devcontainer/files/home/vscode/.p10k.zsh
[2026-04-10T21:53:40.361Z] [DEBUG] [ShellTaskProvider] shebang cache miss (read): /workspace/sample/sample-workspace-tasks/shell/deep/folder/path/for/task/fetch/not-discovered.sh
[2026-04-10T21:53:40.370Z] [DEBUG] [ShellTaskProvider] shebang cache miss (read): /workspace/sample/sample-workspace-tasks/.devcontainer/files/home/vscode/.zsh/custom/aliases/default.zsh
[2026-04-10T21:53:40.398Z] [DEBUG] [ShellTaskProvider] Found 12 candidate file(s) for shell type: bash
[2026-04-10T21:53:40.401Z] [DEBUG] [ShellTaskProvider] Finished shell type: python — 4 file(s) resolved in 15274ms
[2026-04-10T21:53:40.402Z] [DEBUG] [ShellTaskProvider] shebang cache hit: /workspace/sample/sample-workspace-tasks/shell/stuck.sh
[2026-04-10T21:53:40.402Z] [DEBUG] [ShellTaskProvider] shebang cache hit: /workspace/sample/sample-workspace-tasks/shell/no-shebang.sh
[2026-04-10T21:53:40.403Z] [DEBUG] [ShellTaskProvider] shebang cache hit: /workspace/sample/sample-workspace-tasks/shell/long-running.sh
[2026-04-10T21:53:40.403Z] [DEBUG] [ShellTaskProvider] shebang cache hit: /workspace/sample/sample-workspace-tasks/shell/with-shebang.sh
[2026-04-10T21:53:40.403Z] [DEBUG] [ShellTaskProvider] shebang cache hit: /workspace/sample/sample-workspace-tasks/apps/appC/script1.sh
[2026-04-10T21:53:40.403Z] [DEBUG] [ShellTaskProvider] shebang cache hit: /workspace/sample/sample-workspace-tasks/shell/hello2.sh
[2026-04-10T21:53:40.404Z] [DEBUG] [ShellTaskProvider] shebang cache hit: /workspace/sample/sample-workspace-tasks/shell/hello.sh
[2026-04-10T21:53:40.404Z] [DEBUG] [ShellTaskProvider] shebang cache hit: /workspace/sample/sample-workspace-tasks/shell/failing.sh
[2026-04-10T21:53:40.404Z] [DEBUG] [ShellTaskProvider] shebang cache hit: /workspace/sample/sample-workspace-tasks/.devcontainer/install-tools.sh
[2026-04-10T21:53:40.405Z] [DEBUG] [ShellTaskProvider] shebang cache hit: /workspace/sample/sample-workspace-tasks/shell/deep/folder/path/for/task/fetch/not-discovered.sh
[2026-04-10T21:53:40.407Z] [DEBUG] [ShellTaskProvider] shebang cache hit: /workspace/sample/sample-workspace-tasks/apps/appB/script1.sh
[2026-04-10T21:53:40.412Z] [DEBUG] [ShellTaskProvider] shebang cache hit: /workspace/sample/sample-workspace-tasks/apps/appA/script1.sh
[2026-04-10T21:53:40.414Z] [DEBUG] [ShellTaskProvider] Finished shell type: sh — 12 file(s) resolved in 15287ms
[2026-04-10T21:53:40.414Z] [DEBUG] [ShellTaskProvider] Finished shell type: bash — 12 file(s) resolved in 15288ms
[2026-04-10T21:53:40.415Z] [DEBUG] [ShellTaskProvider] Finished shell type: zsh — 2 file(s) resolved in 15289ms
[2026-04-10T21:53:40.575Z] [DEBUG] [TaskFilesService] Cache built with 56 files from combined pattern: {**/package.json,**/package.json,**/package.yaml,**/composer.json,**/deno.json,**/deno.jsonc,**/*.sh,**/*.bash,**/*.zsh,**/*.fish,**/*.ps1,**/*.bat,**/*.cmd,**/*.py,**/*.pl,**/*.rb,**/*.nu,**/.vscode/tasks.json,**/.venv/Scripts/activate.bat,**/.venv/Scripts/activate.fish,**/.venv/Scripts/Activate.ps1,**/.venv/Scripts/deactivate.bat,**/[Mm]ake[Ff]ile,**/Makefile.toml,**/*.toml,**/mise.toml,**/mise.*.toml,**/mise.*.local.toml,**/.workspace-tasks.json,**/.workspace-tasks.*.json,**/justfile,**/.justfile,**/*.just,**/*.xml,**/gulpfile.js,**/gulpfile.mjs,**/[Gg]runtfile.js,**/*.csproj,**/*.vbproj,**/*.vcxproj,**/*.xml,**/*.proj,**/*.sln,**/pom.xml,**/.github/workflows/*.yml,**/.github/workflows/*.yaml,**/*.gradle,**/pyproject.toml,**/[Pp]ip[Ff]ile,**/*.rake,**/Rakefile,**/*.ipynb,**/CMakeLists.txt,**/*.cake} in 15450ms
[2026-04-10T21:53:40.606Z] [DEBUG] [npmTaskProvider] Found 7 files matching pattern.
[2026-04-10T21:53:40.606Z] [DEBUG] [npmTaskProvider] Processing file: /workspace/sample/sample-workspace-tasks/package.json
[2026-04-10T21:53:40.606Z] [DEBUG] [VscodeTaskProvider] Processing tasks file: /workspace/sample/sample-workspace-tasks/.vscode/tasks.json
[2026-04-10T21:53:40.638Z] [DEBUG] [npmTaskProvider] Parsed JSON from /workspace/sample/sample-workspace-tasks/package.json
[2026-04-10T21:53:40.638Z] [DEBUG] [npmTaskProvider] Found script: compile in /workspace/sample/sample-workspace-tasks/package.json
[2026-04-10T21:53:40.639Z] [DEBUG] [npmTaskProvider] Found script: test in /workspace/sample/sample-workspace-tasks/package.json
[2026-04-10T21:53:40.639Z] [DEBUG] [npmTaskProvider] Found script: hello in /workspace/sample/sample-workspace-tasks/package.json
[2026-04-10T21:53:40.639Z] [DEBUG] [npmTaskProvider] Found script: long-running in /workspace/sample/sample-workspace-tasks/package.json
[2026-04-10T21:53:40.639Z] [DEBUG] [npmTaskProvider] Found script: failing-task in /workspace/sample/sample-workspace-tasks/package.json
[2026-04-10T21:53:40.639Z] [DEBUG] [npmTaskProvider] Found script: build in /workspace/sample/sample-workspace-tasks/package.json
[2026-04-10T21:53:40.639Z] [DEBUG] [npmTaskProvider] Found script: watch in /workspace/sample/sample-workspace-tasks/package.json
[2026-04-10T21:53:40.640Z] [DEBUG] [npmTaskProvider] Processing file: /workspace/sample/sample-workspace-tasks/nodejs/package.json
[2026-04-10T21:53:40.640Z] [DEBUG] [VscodeTaskProvider] - Skipping duplicate task: sample-workspace-tasks:.vscode/tasks.json:VSCode: Hello
[2026-04-10T21:53:40.640Z] [DEBUG] [VscodeTaskProvider] - Skipping duplicate task: sample-workspace-tasks:.vscode/tasks.json:VSCode: Hello Again
[2026-04-10T21:53:40.641Z] [DEBUG] [VscodeTaskProvider] - Skipping duplicate task: sample-workspace-tasks:.vscode/tasks.json:VSCode: Long Running
[2026-04-10T21:53:40.641Z] [DEBUG] [VscodeTaskProvider] - Skipping duplicate task: sample-workspace-tasks:.vscode/tasks.json:VSCode: Failing Task
[2026-04-10T21:53:40.641Z] [DEBUG] [VscodeTaskProvider] - Skipping duplicate task: sample-workspace-tasks:.vscode/tasks.json:VSCode: Build
[2026-04-10T21:53:40.641Z] [DEBUG] [VscodeTaskProvider] - Skipping duplicate task: sample-workspace-tasks:.vscode/tasks.json:VSCode: Test
[2026-04-10T21:53:40.641Z] [DEBUG] [VscodeTaskProvider] - Skipping duplicate task: sample-workspace-tasks:.vscode/tasks.json:Run Node.js Hello
[2026-04-10T21:53:40.641Z] [DEBUG] [VscodeTaskProvider] - Skipping duplicate task: sample-workspace-tasks:.vscode/tasks.json:Run Shell Script
[2026-04-10T21:53:40.641Z] [DEBUG] [VscodeTaskProvider] - Skipping duplicate task: sample-workspace-tasks:.vscode/tasks.json:Run Python Script
[2026-04-10T21:53:40.641Z] [DEBUG] [VscodeTaskProvider] - Skipping duplicate task: sample-workspace-tasks:.vscode/tasks.json:wsl python hello
[2026-04-10T21:53:40.642Z] [DEBUG] [VscodeTaskProvider] - Skipping duplicate task: sample-workspace-tasks:.vscode/tasks.json:Run Make Hello
[2026-04-10T21:53:40.642Z] [DEBUG] [VscodeTaskProvider] - Skipping duplicate task: sample-workspace-tasks:.vscode/tasks.json:TEST: Step 1
[2026-04-10T21:53:40.642Z] [DEBUG] [VscodeTaskProvider] - Skipping duplicate task: sample-workspace-tasks:.vscode/tasks.json:TEST: Step 2
[2026-04-10T21:53:40.642Z] [DEBUG] [VscodeTaskProvider] - Skipping duplicate task: sample-workspace-tasks:.vscode/tasks.json:TEST: RUN ALL
[2026-04-10T21:53:40.642Z] [DEBUG] [VscodeTaskProvider] - Skipping duplicate task: sample-workspace-tasks:.vscode/tasks.json:TEST: RUN ALL SEQUENTIAL
[2026-04-10T21:53:40.642Z] [DEBUG] [VscodeTaskProvider] - Skipping duplicate task: sample-workspace-tasks:.vscode/tasks.json:TEST: STUCK
[2026-04-10T21:53:40.642Z] [DEBUG] [VscodeTaskProvider] - Skipping duplicate task: sample-workspace-tasks:.vscode/tasks.json:TEST: COMPOUND CANCEL SEQUENTIAL
[2026-04-10T21:53:40.906Z] [DEBUG] [TaskIconService] venv resolved from $(iconName) syntax {"type":"venv","iconUri":"$(python)","iconName":"python","light":"/workspace/res/icons/light/python.svg","dark":"/workspace/res/icons/dark/python.svg"}
[2026-04-10T21:53:40.922Z] [DEBUG] [ShellTaskProvider] Found 0 candidate file(s) for shell type: perl
[2026-04-10T21:53:40.923Z] [DEBUG] [ShellTaskProvider] Finished shell type: perl — 0 file(s) resolved in 15796ms
[2026-04-10T21:53:41.015Z] [INFO] [ShellTaskProvider] bash: 12 task(s) from 12 file(s) in 15288ms (0 shebang reads, 12 cache hits)
[2026-04-10T21:53:41.031Z] [INFO] [ShellTaskProvider] zsh: 2 task(s) from 2 file(s) in 15289ms (2 shebang reads, 0 cache hits)
[2026-04-10T21:53:41.031Z] [INFO] [ShellTaskProvider] fish: 0 task(s) from 0 file(s) in 14812ms
[2026-04-10T21:53:41.084Z] [INFO] [ShellTaskProvider] pwsh: 6 task(s) from 6 file(s) in 15220ms
[2026-04-10T21:53:41.110Z] [INFO] [ShellTaskProvider] batch: 3 task(s) from 3 file(s) in 15220ms
[2026-04-10T21:53:41.187Z] [INFO] [ShellTaskProvider] python: 4 task(s) from 4 file(s) in 15274ms (4 shebang reads, 0 cache hits)
[2026-04-10T21:53:41.187Z] [INFO] [ShellTaskProvider] perl: 0 task(s) from 0 file(s) in 15796ms (0 shebang reads, 0 cache hits)
[2026-04-10T21:53:41.187Z] [INFO] [ShellTaskProvider] ruby: 0 task(s) from 0 file(s) in 15139ms (0 shebang reads, 0 cache hits)
[2026-04-10T21:53:41.187Z] [INFO] [ShellTaskProvider] sh: 0 task(s) from 12 file(s) in 15287ms (12 shebang reads, 0 cache hits)
[2026-04-10T21:53:41.187Z] [INFO] [ShellTaskProvider] nushell: 0 task(s) from 0 file(s) in 15140ms
[2026-04-10T21:53:41.187Z] [INFO] [ShellTaskProvider] Completed — 27 total shell task(s) loaded in 16062ms
[2026-04-10T21:53:41.436Z] [DEBUG] [npmTaskProvider] Parsed JSON from /workspace/sample/sample-workspace-tasks/nodejs/package.json
[2026-04-10T21:53:41.436Z] [DEBUG] [npmTaskProvider] Found script: compile in /workspace/sample/sample-workspace-tasks/nodejs/package.json
[2026-04-10T21:53:41.436Z] [DEBUG] [npmTaskProvider] Found script: test in /workspace/sample/sample-workspace-tasks/nodejs/package.json
[2026-04-10T21:53:41.436Z] [DEBUG] [npmTaskProvider] Found script: hello in /workspace/sample/sample-workspace-tasks/nodejs/package.json
[2026-04-10T21:53:41.436Z] [DEBUG] [npmTaskProvider] Found script: long-running in /workspace/sample/sample-workspace-tasks/nodejs/package.json
[2026-04-10T21:53:41.437Z] [DEBUG] [npmTaskProvider] Found script: failing-task in /workspace/sample/sample-workspace-tasks/nodejs/package.json
[2026-04-10T21:53:41.437Z] [DEBUG] [npmTaskProvider] Found script: build in /workspace/sample/sample-workspace-tasks/nodejs/package.json
[2026-04-10T21:53:41.437Z] [DEBUG] [npmTaskProvider] Found script: watch in /workspace/sample/sample-workspace-tasks/nodejs/package.json
[2026-04-10T21:53:41.437Z] [DEBUG] [npmTaskProvider] Processing file: /workspace/sample/sample-workspace-tasks/gulp/package.json
[2026-04-10T21:53:41.457Z] [ERROR] [RakeTaskProvider] Failed to get tasks from /workspace/sample/sample-workspace-tasks/rake/Rakefile: {"code":1,"killed":false,"signal":null,"cmd":"rake --tasks --file /workspace/sample/sample-workspace-tasks/rake/Rakefile","stdout":"","stderr":"/usr/local/lib/ruby/3.4.0/rubygems.rb:269:in 'Gem.find_spec_for_exe': can't find gem rake (>= 0.a) with executable rake (Gem::GemNotFoundException)\n\tfrom /usr/local/lib/ruby/3.4.0/rubygems.rb:288:in 'Gem.activate_bin_path'\n\tfrom /usr/local/bin/rake:25:in '<main>'\n"}
[2026-04-10T21:53:41.531Z] [DEBUG] [npmTaskProvider] Parsed JSON from /workspace/sample/sample-workspace-tasks/gulp/package.json
[2026-04-10T21:53:41.531Z] [DEBUG] [npmTaskProvider] Processing file: /workspace/sample/sample-workspace-tasks/apps/appC/package.json
[2026-04-10T21:53:41.606Z] [DEBUG] [npmTaskProvider] Parsed JSON from /workspace/sample/sample-workspace-tasks/apps/appC/package.json
[2026-04-10T21:53:41.606Z] [DEBUG] [npmTaskProvider] Found script: dev in /workspace/sample/sample-workspace-tasks/apps/appC/package.json
[2026-04-10T21:53:41.606Z] [DEBUG] [npmTaskProvider] Found script: check-types in /workspace/sample/sample-workspace-tasks/apps/appC/package.json
[2026-04-10T21:53:41.606Z] [DEBUG] [npmTaskProvider] Found script: build in /workspace/sample/sample-workspace-tasks/apps/appC/package.json
[2026-04-10T21:53:41.606Z] [DEBUG] [npmTaskProvider] Found script: preview in /workspace/sample/sample-workspace-tasks/apps/appC/package.json
[2026-04-10T21:53:41.606Z] [DEBUG] [npmTaskProvider] Processing file: /workspace/sample/sample-workspace-tasks/apps/appB/package.json
[2026-04-10T21:53:41.677Z] [DEBUG] [npmTaskProvider] Parsed JSON from /workspace/sample/sample-workspace-tasks/apps/appB/package.json
[2026-04-10T21:53:41.678Z] [DEBUG] [npmTaskProvider] Found script: dev in /workspace/sample/sample-workspace-tasks/apps/appB/package.json
[2026-04-10T21:53:41.678Z] [DEBUG] [npmTaskProvider] Found script: check-types in /workspace/sample/sample-workspace-tasks/apps/appB/package.json
[2026-04-10T21:53:41.678Z] [DEBUG] [npmTaskProvider] Found script: build in /workspace/sample/sample-workspace-tasks/apps/appB/package.json
[2026-04-10T21:53:41.678Z] [DEBUG] [npmTaskProvider] Found script: preview in /workspace/sample/sample-workspace-tasks/apps/appB/package.json
[2026-04-10T21:53:41.678Z] [DEBUG] [npmTaskProvider] Processing file: /workspace/sample/sample-workspace-tasks/apps/appA/package.json
[2026-04-10T21:53:41.756Z] [DEBUG] [npmTaskProvider] Parsed JSON from /workspace/sample/sample-workspace-tasks/apps/appA/package.json
[2026-04-10T21:53:41.756Z] [DEBUG] [npmTaskProvider] Found script: dev in /workspace/sample/sample-workspace-tasks/apps/appA/package.json
[2026-04-10T21:53:41.756Z] [DEBUG] [npmTaskProvider] Found script: check-types in /workspace/sample/sample-workspace-tasks/apps/appA/package.json
[2026-04-10T21:53:41.756Z] [DEBUG] [npmTaskProvider] Found script: build in /workspace/sample/sample-workspace-tasks/apps/appA/package.json
[2026-04-10T21:53:41.756Z] [DEBUG] [npmTaskProvider] Found script: preview in /workspace/sample/sample-workspace-tasks/apps/appA/package.json
[2026-04-10T21:53:41.756Z] [DEBUG] [npmTaskProvider] Processing file: /workspace/sample/sample-workspace-tasks/grunt/package.json
[2026-04-10T21:53:41.816Z] [DEBUG] [npmTaskProvider] Parsed JSON from /workspace/sample/sample-workspace-tasks/grunt/package.json
[2026-04-10T21:53:42.558Z] [DEBUG] [TaskIconService] cargo-make resolved using built-in type icon {"type":"cargo-make","light":"/workspace/res/icons/light/cargo-make.svg","dark":"/workspace/res/icons/dark/cargo-make.svg"}
[2026-04-10T21:53:42.574Z] [DEBUG] [TaskIconService] cmake resolved using built-in type icon {"type":"cmake","light":"/workspace/res/icons/light/cmake.svg","dark":"/workspace/res/icons/dark/cmake.svg"}
[2026-04-10T21:53:42.709Z] [DEBUG] [TaskIconService] maven resolved using built-in type icon {"type":"maven","light":"/workspace/res/icons/light/maven.svg","dark":"/workspace/res/icons/dark/maven.svg"}
[2026-04-10T21:53:42.737Z] [DEBUG] [TaskIconService] poe resolved using built-in type icon {"type":"poe","light":"/workspace/res/icons/light/poe.svg","dark":"/workspace/res/icons/dark/poe.svg"}
[2026-04-10T21:53:42.750Z] [DEBUG] [TaskIconService] poetry resolved using built-in type icon {"type":"poetry","iconUri":"pyproject.toml","light":"/workspace/res/icons/light/poetry.svg","dark":"/workspace/res/icons/dark/poetry.svg"}
[2026-04-10T21:53:42.764Z] [DEBUG] [TaskIconService] shell resolved using built-in type icon {"type":"shell","light":"/workspace/res/icons/light/shell.svg","dark":"/workspace/res/icons/dark/shell.svg"}
[2026-04-10T21:53:42.784Z] [DEBUG] [TaskIconService] venv resolved from $(iconName) syntax {"type":"venv","iconUri":"$(python)","iconName":"python","light":"/workspace/res/icons/light/python.svg","dark":"/workspace/res/icons/dark/python.svg"}
[2026-04-10T21:53:43.175Z] [DEBUG] [TaskIconService] go resolved using built-in type icon {"type":"go","iconUri":"$(go)","light":"/workspace/res/icons/light/go.svg","dark":"/workspace/res/icons/dark/go.svg"}
[2026-04-10T21:53:43.175Z] [DEBUG] [workspace-taskTaskProvider] Processing file: /workspace/sample/sample-workspace-tasks/golang/go.mod for provider: go
[2026-04-10T21:53:43.175Z] [DEBUG] [WorkspaceTasksProvider] Provider "go" loaded 1 file(s) in 2836ms.
[2026-04-10T21:53:43.176Z] [DEBUG] [WorkspaceTasksProvider] Provider "poetry": 7 task definition(s), 1 include glob(s).
[2026-04-10T21:53:43.181Z] [DEBUG] [TaskIconService] poetry resolved using built-in type icon {"type":"poetry","iconUri":"pyproject.toml","light":"/workspace/res/icons/light/poetry.svg","dark":"/workspace/res/icons/dark/poetry.svg"}
[2026-04-10T21:53:43.181Z] [DEBUG] [workspace-taskTaskProvider] Processing file: /workspace/sample/sample-workspace-tasks/python/pyproject.toml for provider: poetry
[2026-04-10T21:53:43.182Z] [DEBUG] [WorkspaceTasksProvider] Provider "poetry" loaded 1 file(s) in 7ms.
[2026-04-10T21:53:43.182Z] [DEBUG] [WorkspaceTasksProvider] Provider "pipenv": 3 task definition(s), 1 include glob(s).
[2026-04-10T21:53:45.467Z] [DEBUG] [TaskIconService] pipenv resolved using built-in type icon {"type":"pipenv","iconUri":"Pipfile","light":"/workspace/res/icons/light/pipenv.svg","dark":"/workspace/res/icons/dark/pipenv.svg"}
[2026-04-10T21:53:45.467Z] [DEBUG] [WorkspaceTasksProvider] Provider "pipenv" loaded 0 file(s) in 2285ms.
[2026-04-10T21:53:45.468Z] [DEBUG] [WorkspaceTasksProvider] Provider "docker-compose": 2 task definition(s), 1 include glob(s).
[2026-04-10T21:53:47.853Z] [DEBUG] [TaskIconService] docker-compose resolved using built-in type icon {"type":"docker-compose","iconUri":"docker-compose.yml","light":"/workspace/res/icons/light/docker.svg","dark":"/workspace/res/icons/dark/docker.svg"}
[2026-04-10T21:53:47.853Z] [DEBUG] [WorkspaceTasksProvider] Provider "docker-compose" loaded 0 file(s) in 2386ms.
[2026-04-10T21:53:47.854Z] [DEBUG] [WorkspaceTasksProvider] Provider "dockerfile": 1 task definition(s), 1 include glob(s).
[2026-04-10T21:53:50.372Z] [DEBUG] [TaskIconService] dockerfile resolved using built-in type icon {"type":"dockerfile","iconUri":"dockerfile","light":"/workspace/res/icons/light/docker.svg","dark":"/workspace/res/icons/dark/docker.svg"}
[2026-04-10T21:53:50.372Z] [DEBUG] [workspace-taskTaskProvider] Processing file: /workspace/sample/sample-workspace-tasks/docker/dockerfile for provider: dockerfile
[2026-04-10T21:53:50.372Z] [DEBUG] [workspace-taskTaskProvider] Processing file: /workspace/sample/sample-workspace-tasks/.devcontainer/Dockerfile for provider: dockerfile
[2026-04-10T21:53:50.372Z] [DEBUG] [WorkspaceTasksProvider] Provider "dockerfile" loaded 2 file(s) in 2519ms.
[2026-04-10T21:53:50.373Z] [DEBUG] [WorkspaceTasksProvider] Provider "typescript": 2 task definition(s), 1 include glob(s).
[2026-04-10T21:53:52.725Z] [DEBUG] [TaskIconService] typescript resolved using built-in type icon {"type":"typescript","iconUri":"tsconfig.json","light":"/workspace/res/icons/light/typescript.svg","dark":"/workspace/res/icons/dark/typescript.svg"}
[2026-04-10T21:53:52.725Z] [DEBUG] [workspace-taskTaskProvider] Processing file: /workspace/sample/sample-workspace-tasks/tsconfig.json for provider: typescript
[2026-04-10T21:53:52.725Z] [DEBUG] [WorkspaceTasksProvider] Provider "typescript" loaded 1 file(s) in 2353ms.
[2026-04-10T21:53:52.725Z] [DEBUG] Provider bun (type: bun) is disabled. Skipping.
[2026-04-10T21:53:52.726Z] [DEBUG] [WorkspaceTasksProvider] Provider "npm": 4 task definition(s), 1 include glob(s).
[2026-04-10T21:53:52.732Z] [DEBUG] [TaskIconService] npm resolved using built-in type icon {"type":"npm","light":"/workspace/res/icons/light/npm.svg","dark":"/workspace/res/icons/dark/npm.svg"}
[2026-04-10T21:53:52.732Z] [DEBUG] [workspace-taskTaskProvider] Processing file: /workspace/sample/sample-workspace-tasks/package.json for provider: npm
[2026-04-10T21:53:52.732Z] [DEBUG] [workspace-taskTaskProvider] Processing file: /workspace/sample/sample-workspace-tasks/nodejs/package.json for provider: npm
[2026-04-10T21:53:52.732Z] [DEBUG] [workspace-taskTaskProvider] Processing file: /workspace/sample/sample-workspace-tasks/gulp/package.json for provider: npm
[2026-04-10T21:53:52.732Z] [DEBUG] [workspace-taskTaskProvider] Processing file: /workspace/sample/sample-workspace-tasks/apps/appC/package.json for provider: npm
[2026-04-10T21:53:52.732Z] [DEBUG] [workspace-taskTaskProvider] Processing file: /workspace/sample/sample-workspace-tasks/apps/appB/package.json for provider: npm
[2026-04-10T21:53:52.732Z] [DEBUG] [workspace-taskTaskProvider] Processing file: /workspace/sample/sample-workspace-tasks/apps/appA/package.json for provider: npm
[2026-04-10T21:53:52.732Z] [DEBUG] [workspace-taskTaskProvider] Processing file: /workspace/sample/sample-workspace-tasks/grunt/package.json for provider: npm
[2026-04-10T21:53:52.732Z] [DEBUG] [WorkspaceTasksProvider] Provider "npm" loaded 7 file(s) in 7ms.
[2026-04-10T21:53:52.732Z] [DEBUG] Provider pnpm (type: pnpm) is disabled. Skipping.
[2026-04-10T21:53:52.732Z] [DEBUG] Provider yarn (type: yarn) is disabled. Skipping.
[2026-04-10T21:53:52.733Z] [DEBUG] [WorkspaceTasksProvider] Provider "venv": 1 task definition(s), 1 include glob(s).
[2026-04-10T21:53:56.270Z] [DEBUG] [TaskIconService] venv resolved from $(iconName) syntax {"type":"venv","iconUri":"$(python)","iconName":"python","light":"/workspace/res/icons/light/python.svg","dark":"/workspace/res/icons/dark/python.svg"}
[2026-04-10T21:53:56.270Z] [DEBUG] [WorkspaceTasksProvider] Provider "venv" loaded 0 file(s) in 3538ms.
[2026-04-10T21:53:56.271Z] [DEBUG] [WorkspaceTasksProvider] Provider "eslint": 11 task definition(s), 1 include glob(s).
[2026-04-10T21:53:58.134Z] [DEBUG] [TaskIconService] eslint resolved using built-in type icon {"type":"eslint","iconUri":"eslint.config.mjs","light":"/workspace/res/icons/light/eslint.svg","dark":"/workspace/res/icons/dark/eslint.svg"}
[2026-04-10T21:53:58.134Z] [DEBUG] [workspace-taskTaskProvider] Processing file: /workspace/sample/sample-workspace-tasks/eslint.config.mjs for provider: eslint
[2026-04-10T21:53:58.134Z] [DEBUG] [WorkspaceTasksProvider] Provider "eslint" loaded 1 file(s) in 1864ms.
[2026-04-10T21:53:58.135Z] [DEBUG] [WorkspaceTasksProvider] Provider "webpack": 3 task definition(s), 1 include glob(s).
[2026-04-10T21:54:00.088Z] [DEBUG] [TaskIconService] webpack resolved using built-in type icon {"type":"webpack","iconUri":"webpack.config.js","light":"/workspace/res/icons/light/webpack.svg","dark":"/workspace/res/icons/dark/webpack.svg"}
[2026-04-10T21:54:00.088Z] [DEBUG] [workspace-taskTaskProvider] Processing file: /workspace/sample/sample-workspace-tasks/webpack.config.js for provider: webpack
[2026-04-10T21:54:00.088Z] [DEBUG] [WorkspaceTasksProvider] Provider "webpack" loaded 1 file(s) in 1954ms.
[2026-04-10T21:54:00.088Z] [DEBUG] [WorkspaceTasksProvider] Provider "pantera": 1 task definition(s), 1 include glob(s).
[2026-04-10T21:54:02.346Z] [DEBUG] [TaskIconService] pantera resolved from $(iconName) syntax {"type":"pantera","iconUri":"$(task)","iconName":"task","light":"/workspace/res/icons/light/task.svg","dark":"/workspace/res/icons/dark/task.svg"}
[2026-04-10T21:54:02.346Z] [DEBUG] [workspace-taskTaskProvider] Processing file: /workspace/sample/sample-workspace-tasks/shell/hello2.sh for provider: pantera
[2026-04-10T21:54:02.346Z] [DEBUG] [WorkspaceTasksProvider] Provider "pantera" loaded 1 file(s) in 2258ms.
[2026-04-10T21:54:02.346Z] [INFO] [WorkspaceTasksProvider] getTasks() completed: 67 total task(s) loaded in 37217ms.
