[2026-04-10T17:39:24.576Z] [DEBUG] [ShellTaskProvider] Starting shell task discovery
[2026-04-10T17:39:24.576Z] [DEBUG] [ShellTaskProvider] Processing shell type: bash (extensions: sh, bash)
[2026-04-10T17:39:24.576Z] [DEBUG] [ShellTaskProvider] Processing shell type: zsh (extensions: zsh)
[2026-04-10T17:39:24.576Z] [DEBUG] [ShellTaskProvider] Processing shell type: fish (extensions: fish)
[2026-04-10T17:39:24.576Z] [DEBUG] [ShellTaskProvider] Processing shell type: pwsh (extensions: ps1)
[2026-04-10T17:39:24.576Z] [DEBUG] [ShellTaskProvider] Processing shell type: batch (extensions: bat, cmd)
[2026-04-10T17:39:24.577Z] [DEBUG] [ShellTaskProvider] Processing shell type: python (extensions: py)
[2026-04-10T17:39:24.577Z] [DEBUG] [ShellTaskProvider] Processing shell type: perl (extensions: pl)
[2026-04-10T17:39:24.577Z] [DEBUG] [ShellTaskProvider] Processing shell type: ruby (extensions: rb)
[2026-04-10T17:39:24.577Z] [DEBUG] [ShellTaskProvider] Processing shell type: sh (extensions: sh)
[2026-04-10T17:39:24.577Z] [DEBUG] [ShellTaskProvider] Processing shell type: nushell (extensions: nu)
[2026-04-10T17:39:34.910Z] [DEBUG] [ShellTaskProvider] Found 0 candidate file(s) for shell type: bash
[2026-04-10T17:39:34.910Z] [DEBUG] [ShellTaskProvider] Found 0 candidate file(s) for shell type: fish
[2026-04-10T17:39:34.910Z] [DEBUG] [ShellTaskProvider] Found 0 candidate file(s) for shell type: sh
[2026-04-10T17:39:34.910Z] [DEBUG] [ShellTaskProvider] Found 0 candidate file(s) for shell type: batch
[2026-04-10T17:39:34.910Z] [DEBUG] [ShellTaskProvider] Found 0 candidate file(s) for shell type: nushell
[2026-04-10T17:39:34.910Z] [DEBUG] [ShellTaskProvider] Found 0 candidate file(s) for shell type: ruby
[2026-04-10T17:39:34.910Z] [DEBUG] [ShellTaskProvider] Found 0 candidate file(s) for shell type: zsh
[2026-04-10T17:39:34.910Z] [DEBUG] [ShellTaskProvider] Found 0 candidate file(s) for shell type: pwsh
[2026-04-10T17:39:34.910Z] [DEBUG] [ShellTaskProvider] Found 0 candidate file(s) for shell type: python
[2026-04-10T17:39:34.910Z] [DEBUG] [ShellTaskProvider] Found 0 candidate file(s) for shell type: perl
[2026-04-10T17:39:34.910Z] [DEBUG] [ShellTaskProvider] Finished shell type: bash — 0 file(s) resolved in 10334ms
[2026-04-10T17:39:34.910Z] [DEBUG] [ShellTaskProvider] Finished shell type: fish — 0 file(s) resolved in 10334ms
[2026-04-10T17:39:34.910Z] [DEBUG] [ShellTaskProvider] Finished shell type: sh — 0 file(s) resolved in 10333ms
[2026-04-10T17:39:34.910Z] [DEBUG] [ShellTaskProvider] Finished shell type: batch — 0 file(s) resolved in 10334ms
[2026-04-10T17:39:34.910Z] [DEBUG] [ShellTaskProvider] Finished shell type: nushell — 0 file(s) resolved in 10333ms
[2026-04-10T17:39:34.910Z] [DEBUG] [ShellTaskProvider] Finished shell type: ruby — 0 file(s) resolved in 10333ms
[2026-04-10T17:39:34.910Z] [DEBUG] [ShellTaskProvider] Finished shell type: zsh — 0 file(s) resolved in 10334ms
[2026-04-10T17:39:34.910Z] [DEBUG] [ShellTaskProvider] Finished shell type: pwsh — 0 file(s) resolved in 10334ms
[2026-04-10T17:39:34.910Z] [DEBUG] [ShellTaskProvider] Finished shell type: python — 0 file(s) resolved in 10333ms
[2026-04-10T17:39:34.911Z] [DEBUG] [ShellTaskProvider] Finished shell type: perl — 0 file(s) resolved in 10334ms
[2026-04-10T17:39:34.911Z] [INFO] [ShellTaskProvider] bash: 0 task(s) from 0 file(s) in 10334ms (0 shebang reads, 0 cache hits)
[2026-04-10T17:39:34.911Z] [INFO] [ShellTaskProvider] zsh: 0 task(s) from 0 file(s) in 10334ms (0 shebang reads, 0 cache hits)
[2026-04-10T17:39:34.911Z] [INFO] [ShellTaskProvider] fish: 0 task(s) from 0 file(s) in 10334ms
[2026-04-10T17:39:34.911Z] [INFO] [ShellTaskProvider] pwsh: 0 task(s) from 0 file(s) in 10334ms
[2026-04-10T17:39:34.911Z] [INFO] [ShellTaskProvider] batch: 0 task(s) from 0 file(s) in 10334ms
[2026-04-10T17:39:34.911Z] [INFO] [ShellTaskProvider] python: 0 task(s) from 0 file(s) in 10333ms (0 shebang reads, 0 cache hits)
[2026-04-10T17:39:34.911Z] [INFO] [ShellTaskProvider] perl: 0 task(s) from 0 file(s) in 10334ms (0 shebang reads, 0 cache hits)
[2026-04-10T17:39:34.911Z] [INFO] [ShellTaskProvider] ruby: 0 task(s) from 0 file(s) in 10333ms (0 shebang reads, 0 cache hits)
[2026-04-10T17:39:34.911Z] [INFO] [ShellTaskProvider] sh: 0 task(s) from 0 file(s) in 10333ms (0 shebang reads, 0 cache hits)
[2026-04-10T17:39:34.911Z] [INFO] [ShellTaskProvider] nushell: 0 task(s) from 0 file(s) in 10333ms
[2026-04-10T17:39:34.911Z] [INFO] [ShellTaskProvider] Completed — 0 total shell task(s) loaded in 10335ms
[2026-04-10T17:40:13.862Z] [DEBUG] [ShellTaskProvider] Starting shell task discovery
[2026-04-10T17:40:13.863Z] [DEBUG] [ShellTaskProvider] Processing shell type: bash (extensions: sh, bash)
[2026-04-10T17:40:13.863Z] [DEBUG] [ShellTaskProvider] Processing shell type: zsh (extensions: zsh)
[2026-04-10T17:40:13.863Z] [DEBUG] [ShellTaskProvider] Processing shell type: fish (extensions: fish)
[2026-04-10T17:40:13.864Z] [DEBUG] [ShellTaskProvider] Processing shell type: pwsh (extensions: ps1)
[2026-04-10T17:40:13.864Z] [DEBUG] [ShellTaskProvider] Processing shell type: batch (extensions: bat, cmd)
[2026-04-10T17:40:13.864Z] [DEBUG] [ShellTaskProvider] Processing shell type: python (extensions: py)
[2026-04-10T17:40:13.864Z] [DEBUG] [ShellTaskProvider] Processing shell type: perl (extensions: pl)
[2026-04-10T17:40:13.865Z] [DEBUG] [ShellTaskProvider] Processing shell type: ruby (extensions: rb)
[2026-04-10T17:40:13.865Z] [DEBUG] [ShellTaskProvider] Processing shell type: sh (extensions: sh)
[2026-04-10T17:40:13.865Z] [DEBUG] [ShellTaskProvider] Processing shell type: nushell (extensions: nu)
[2026-04-10T17:40:28.855Z] [DEBUG] [ShellTaskProvider] Found 0 candidate file(s) for shell type: fish
[2026-04-10T17:40:28.855Z] [DEBUG] [ShellTaskProvider] Found 3 candidate file(s) for shell type: batch
[2026-04-10T17:40:28.855Z] [DEBUG] [ShellTaskProvider] Found 0 candidate file(s) for shell type: nushell
[2026-04-10T17:40:28.855Z] [DEBUG] [ShellTaskProvider] Found 2 candidate file(s) for shell type: zsh
[2026-04-10T17:40:28.856Z] [DEBUG] [ShellTaskProvider] Found 4 candidate file(s) for shell type: python
[2026-04-10T17:40:28.856Z] [DEBUG] [ShellTaskProvider] Found 12 candidate file(s) for shell type: sh
[2026-04-10T17:40:28.857Z] [DEBUG] [ShellTaskProvider] Found 6 candidate file(s) for shell type: pwsh
[2026-04-10T17:40:28.857Z] [DEBUG] [ShellTaskProvider] Found 12 candidate file(s) for shell type: bash
[2026-04-10T17:40:28.858Z] [DEBUG] [ShellTaskProvider] Found 0 candidate file(s) for shell type: perl
[2026-04-10T17:40:28.859Z] [DEBUG] [ShellTaskProvider] Finished shell type: fish — 0 file(s) resolved in 14996ms
[2026-04-10T17:40:28.860Z] [DEBUG] [ShellTaskProvider] Finished shell type: nushell — 0 file(s) resolved in 14995ms
[2026-04-10T17:40:28.860Z] [DEBUG] [ShellTaskProvider] Finished shell type: perl — 0 file(s) resolved in 14996ms
[2026-04-10T17:40:28.860Z] [DEBUG] [ShellTaskProvider] Finished shell type: batch — 3 file(s) resolved in 14996ms
[2026-04-10T17:40:28.860Z] [DEBUG] [ShellTaskProvider] Finished shell type: pwsh — 6 file(s) resolved in 14996ms
[2026-04-10T17:40:28.870Z] [DEBUG] [ShellTaskProvider] shebang cache miss (read): /workspace/sample/sample-workspace-tasks/shell/no-shebang.py
[2026-04-10T17:40:28.871Z] [DEBUG] [ShellTaskProvider] shebang cache miss (read): /workspace/sample/sample-workspace-tasks/shell/with-shebang.py
[2026-04-10T17:40:28.872Z] [DEBUG] [ShellTaskProvider] shebang cache miss (read): /workspace/sample/sample-workspace-tasks/python/no-shebang.py
[2026-04-10T17:40:28.872Z] [DEBUG] [ShellTaskProvider] shebang cache miss (read): /workspace/sample/sample-workspace-tasks/python/tasks.py
[2026-04-10T17:40:28.872Z] [DEBUG] [ShellTaskProvider] shebang cache miss (read): /workspace/sample/sample-workspace-tasks/.devcontainer/files/home/vscode/.p10k.zsh
[2026-04-10T17:40:28.872Z] [DEBUG] [ShellTaskProvider] shebang cache miss (read): /workspace/sample/sample-workspace-tasks/shell/no-shebang.sh
[2026-04-10T17:40:28.872Z] [DEBUG] [ShellTaskProvider] shebang cache miss (read): /workspace/sample/sample-workspace-tasks/shell/stuck.sh
[2026-04-10T17:40:28.873Z] [DEBUG] [ShellTaskProvider] shebang cache miss (read): /workspace/sample/sample-workspace-tasks/shell/with-shebang.sh
[2026-04-10T17:40:28.873Z] [DEBUG] [ShellTaskProvider] shebang cache miss (read): /workspace/sample/sample-workspace-tasks/shell/hello2.sh
[2026-04-10T17:40:28.873Z] [DEBUG] [ShellTaskProvider] shebang cache miss (read): /workspace/sample/sample-workspace-tasks/shell/hello.sh
[2026-04-10T17:40:28.873Z] [DEBUG] [ShellTaskProvider] shebang cache miss (read): /workspace/sample/sample-workspace-tasks/shell/long-running.sh
[2026-04-10T17:40:28.873Z] [DEBUG] [ShellTaskProvider] shebang cache miss (read): /workspace/sample/sample-workspace-tasks/.devcontainer/files/home/vscode/.zsh/custom/aliases/default.zsh
[2026-04-10T17:40:28.874Z] [DEBUG] [ShellTaskProvider] shebang cache miss (read): /workspace/sample/sample-workspace-tasks/.devcontainer/install-tools.sh
[2026-04-10T17:40:28.874Z] [DEBUG] [ShellTaskProvider] shebang cache miss (read): /workspace/sample/sample-workspace-tasks/shell/failing.sh
[2026-04-10T17:40:28.874Z] [DEBUG] [ShellTaskProvider] shebang cache miss (read): /workspace/sample/sample-workspace-tasks/apps/appC/script1.sh
[2026-04-10T17:40:28.874Z] [DEBUG] [ShellTaskProvider] shebang cache miss (read): /workspace/sample/sample-workspace-tasks/apps/appB/script1.sh
[2026-04-10T17:40:28.874Z] [DEBUG] [ShellTaskProvider] shebang cache miss (read): /workspace/sample/sample-workspace-tasks/apps/appA/script1.sh
[2026-04-10T17:40:28.881Z] [DEBUG] [ShellTaskProvider] shebang cache hit: /workspace/sample/sample-workspace-tasks/shell/with-shebang.sh
[2026-04-10T17:40:28.882Z] [DEBUG] [ShellTaskProvider] shebang cache hit: /workspace/sample/sample-workspace-tasks/shell/stuck.sh
[2026-04-10T17:40:28.882Z] [DEBUG] [ShellTaskProvider] shebang cache hit: /workspace/sample/sample-workspace-tasks/shell/no-shebang.sh
[2026-04-10T17:40:28.882Z] [DEBUG] [ShellTaskProvider] shebang cache hit: /workspace/sample/sample-workspace-tasks/shell/long-running.sh
[2026-04-10T17:40:28.882Z] [DEBUG] [ShellTaskProvider] shebang cache hit: /workspace/sample/sample-workspace-tasks/shell/hello2.sh
[2026-04-10T17:40:28.882Z] [DEBUG] [ShellTaskProvider] shebang cache hit: /workspace/sample/sample-workspace-tasks/shell/hello.sh
[2026-04-10T17:40:28.882Z] [DEBUG] [ShellTaskProvider] shebang cache hit: /workspace/sample/sample-workspace-tasks/shell/failing.sh
[2026-04-10T17:40:28.882Z] [DEBUG] [ShellTaskProvider] shebang cache hit: /workspace/sample/sample-workspace-tasks/.devcontainer/install-tools.sh
[2026-04-10T17:40:28.882Z] [DEBUG] [ShellTaskProvider] shebang cache hit: /workspace/sample/sample-workspace-tasks/apps/appA/script1.sh
[2026-04-10T17:40:28.882Z] [DEBUG] [ShellTaskProvider] shebang cache hit: /workspace/sample/sample-workspace-tasks/apps/appC/script1.sh
[2026-04-10T17:40:28.882Z] [DEBUG] [ShellTaskProvider] shebang cache miss (read): /workspace/sample/sample-workspace-tasks/shell/deep/folder/path/for/task/fetch/not-discovered.sh
[2026-04-10T17:40:28.883Z] [DEBUG] [ShellTaskProvider] shebang cache hit: /workspace/sample/sample-workspace-tasks/apps/appB/script1.sh
[2026-04-10T17:40:28.886Z] [DEBUG] [ShellTaskProvider] shebang cache hit: /workspace/sample/sample-workspace-tasks/shell/deep/folder/path/for/task/fetch/not-discovered.sh
[2026-04-10T17:40:29.040Z] [DEBUG] [ShellTaskProvider] Found 0 candidate file(s) for shell type: ruby
[2026-04-10T17:40:29.040Z] [DEBUG] [ShellTaskProvider] Finished shell type: ruby — 0 file(s) resolved in 15175ms
[2026-04-10T17:40:29.046Z] [DEBUG] [ShellTaskProvider] Finished shell type: python — 4 file(s) resolved in 15182ms
[2026-04-10T17:40:29.048Z] [DEBUG] [ShellTaskProvider] Finished shell type: zsh — 2 file(s) resolved in 15185ms
[2026-04-10T17:40:29.048Z] [DEBUG] Provider ruby (type: ruby) is disabled. Skipping.
[2026-04-10T17:40:29.049Z] [DEBUG] [ShellTaskProvider] Finished shell type: sh — 12 file(s) resolved in 15184ms
[2026-04-10T17:40:29.049Z] [DEBUG] [ShellTaskProvider] Finished shell type: bash — 12 file(s) resolved in 15186ms
[2026-04-10T17:40:29.080Z] [INFO] [ShellTaskProvider] bash: 12 task(s) from 12 file(s) in 15186ms (0 shebang reads, 12 cache hits)
[2026-04-10T17:40:29.086Z] [INFO] [ShellTaskProvider] zsh: 2 task(s) from 2 file(s) in 15185ms (2 shebang reads, 0 cache hits)
[2026-04-10T17:40:29.086Z] [INFO] [ShellTaskProvider] fish: 0 task(s) from 0 file(s) in 14996ms
[2026-04-10T17:40:29.102Z] [INFO] [ShellTaskProvider] pwsh: 6 task(s) from 6 file(s) in 14996ms
[2026-04-10T17:40:29.110Z] [INFO] [ShellTaskProvider] batch: 3 task(s) from 3 file(s) in 14996ms
[2026-04-10T17:40:29.132Z] [INFO] [ShellTaskProvider] python: 4 task(s) from 4 file(s) in 15182ms (4 shebang reads, 0 cache hits)
[2026-04-10T17:40:29.132Z] [INFO] [ShellTaskProvider] perl: 0 task(s) from 0 file(s) in 14996ms (0 shebang reads, 0 cache hits)
[2026-04-10T17:40:29.132Z] [INFO] [ShellTaskProvider] ruby: 0 task(s) from 0 file(s) in 15175ms (0 shebang reads, 0 cache hits)
[2026-04-10T17:40:29.132Z] [INFO] [ShellTaskProvider] sh: 0 task(s) from 12 file(s) in 15184ms (12 shebang reads, 0 cache hits)
[2026-04-10T17:40:29.132Z] [INFO] [ShellTaskProvider] nushell: 0 task(s) from 0 file(s) in 14995ms
[2026-04-10T17:40:29.132Z] [INFO] [ShellTaskProvider] Completed — 27 total shell task(s) loaded in 15270ms
